<html>
<body>
<pre>
<h1>礦ision Build Log</h1>
<h2>Tool Versions:</h2>
IDE-Version: μVision V5.20.0.39
Copyright (C) 2016 ARM Ltd and ARM Germany GmbH. All rights reserved.
License Information: haifei dai, NJU, LIC=0VRJJ-U1986-C28L6-DPE0Q-KFD87-F1IRD
 
Tool Versions:
Toolchain:       MDK-ARM Professional  Version: 5.14.0.0
Toolchain Path:  D:\Software\MDK5.14\ARM\ARMCC\Bin
C Compiler:      Armcc.exe V5.05 update 1 (build 106)
Assembler:       Armasm.exe V5.05 update 1 (build 106)
Linker/Locator:  ArmLink.exe V5.05 update 1 (build 106)
Library Manager: ArmAr.exe V5.05 update 1 (build 106)
Hex Converter:   FromElf.exe V5.05 update 1 (build 106)
CPU DLL:         SARMCM3.DLL V5.14.0.0
Dialog DLL:      DCM.DLL V1.13.1.0
Target DLL:      CMSIS_AGDI.dll V1.21.0.0
Dialog DLL:      TCM.DLL V1.14.4.0
 
<h2>Project:</h2>
G:\研究项目\智能农机\控制系统\控制板程序\HST V2.0\USER\Template.uvprojx
Project File Date:  05/07/2018

<h2>Output:</h2>
*** Using Compiler 'V5.05 update 1 (build 106)', folder: 'D:\Software\MDK5.14\ARM\ARMCC\Bin'
Build target 'Template'
compiling main.c...
..\HARDWARE\hstctr.h(10): warning:  #1-D: last line of file ends without a newline
  void HST_GPIO_Config(void);//HST控制口配置
..\HARDWARE\timer.h(4): warning:  #1-D: last line of file ends without a newline
  void TIM2_Int_Init(u16 arr,u16 psc);
main.c(112): warning:  #1-D: last line of file ends without a newline
  }
main.c: 3 warnings, 0 errors
linking...
Program Size: Code=4060 RO-data=336 RW-data=64 ZI-data=1736  
FromELF: creating hex file...
"..\OBJ\Template.axf" - 0 Error(s), 3 Warning(s).

<h2>Collection of Component include folders:</h2>
  G:\研究项目\智能农机\控制系统\控制板程序\HST V2.0\USER\RTE
  D:\Software\MDK5.14\ARM\PACK\Keil\STM32F1xx_DFP\1.0.5\Device\Include

<h2>Collection of Component Files used:</h2>
Build Time Elapsed:  00:00:01
</pre>
</body>
</html>
